// Jest Snapshot v1, https://goo.gl/fbAQLP

exports[`creates project with labels passed to Dockerfile from questionnaire: Dockerfile 1`] = `
# Use the latest version of Node.js
#
# You may prefer the full image:
# FROM node
#
# or even an alpine image (a smaller, faster, less-feature-complete image):
# FROM node:alpine
#
# You can specify a version:
# FROM node:10-slim
FROM node:slim

# Labels for GitHub to read your action
LABEL "com.github.actions.name"="My Project Name"
LABEL "com.github.actions.description"="A cool project"
# Here are all of the available icons: https://developer.github.com/actions/creating-github-actions/creating-a-docker-container/#supported-feather-icons
LABEL "com.github.actions.icon"="anchor"
# And all of the available colors: https://developer.github.com/actions/creating-github-actions/creating-a-docker-container/#label
LABEL "com.github.actions.color"="blue"

# Copy the package.json and package-lock.json
COPY package*.json ./

# Install dependencies
RUN npm ci

# Copy the rest of your action's code
COPY . .

# Run \`node /index.js\`
ENTRYPOINT ["node", "/index.js"]

`;

exports[`creates project with labels passed to Dockerfile from questionnaire: index.js 1`] = `
const { Toolkit } = require('actions-toolkit')

// Run your GitHub Action!
Toolkit.run(async tools => {
  tools.exit.success('We did it!')
})

`;

exports[`creates project with labels passed to Dockerfile from questionnaire: index.test.js 1`] = `
const { Toolkit } = require('actions-toolkit')

describe('My Project Name', () => {
  let action, tools

  // Mock Toolkit.run to define \`action\` so we can call it
  Toolkit.run = jest.fn((actionFn) => { action = actionFn })
  // Load up our entrypoint file
  require('.')

  beforeEach(() => {
    // Create a new Toolkit instance
    tools = new Toolkit()
    // Mock methods on it!
    tools.exit.success = jest.fn()
  })

  it('exits successfully', () => {
    action(tools)
    expect(tools.exit.success).toHaveBeenCalled()
    expect(tools.exit.success).toHaveBeenCalledWith('We did it!')
  })
})

`;

exports[`creates project with labels passed to Dockerfile from questionnaire: package.json 1`] = `
{
  "name": "__tmp/my-project-name",
  "private": true,
  "main": "index.js",
  "scripts": {
    "start": "node ./index.js",
    "test": "jest"
  },
  "dependencies": {
    "actions-toolkit": "^1.0.0-static-version-for-test"
  },
  "devDependencies": {
    "jest": "1.0.0-static-version-for-test"
  }
}
`;
