// Jest Snapshot v1, https://goo.gl/fbAQLP

exports[`Toolkit #getFile gets the contents of a file 1`] = `"I'm writing this on a plane ✈️"`;

exports[`Toolkit #getFile gets the contents of a file with custom encoding 1`] = `"SSdtIHdyaXRpbmcgdGhpcyBvbiBhIHBsYW5lIOKciO+4jw=="`;

exports[`Toolkit #getFile throws if the file could not be found 1`] = `"File DONTREADME.md could not be found in your project's workspace."`;

exports[`Toolkit #getPackageJSON returns the package.json file as a JSON object 1`] = `
Object {
  "action": Object {
    "foo": true,
  },
}
`;

exports[`Toolkit #getPackageJSON throws if the package.json file could not be found 1`] = `"package.json could not be found in your project's root."`;

exports[`Toolkit #runInWorkspace runs the command in the workspace 1`] = `
Object {
  "cmd": "echo hello",
  "code": 0,
  "failed": false,
  "killed": false,
  "signal": null,
  "stderr": "",
  "stdout": "hello",
  "timedOut": false,
}
`;

exports[`Toolkit #runInWorkspace runs the command in the workspace with some options 1`] = `[Error: spawn throw ENOENT]`;

exports[`Toolkit#constructor exits if the event is not allowed with a single event 1`] = `
Array [
  Array [
    "Event \`issues.opened\` is not supported by this action.",
  ],
]
`;

exports[`Toolkit#constructor exits if the event is not allowed with a single event with an action 1`] = `
Array [
  Array [
    "Event \`issues.opened\` is not supported by this action.",
  ],
]
`;

exports[`Toolkit#constructor exits if the event is not allowed with an array of events 1`] = `
Array [
  Array [
    "Event \`issues.opened\` is not supported by this action.",
  ],
]
`;

exports[`Toolkit#constructor exits if the event is not allowed with an array of events with actions 1`] = `
Array [
  Array [
    "Event \`issues.opened\` is not supported by this action.",
  ],
]
`;

exports[`Toolkit#constructor logs the expected string with missing env vars 1`] = `
Array [
  Array [
    "There are environment variables missing from this runtime, but would be present on GitHub.
- HOME",
  ],
]
`;

exports[`Toolkit#constructor sets a named logger 1`] = `
Array [
  Array [
    "hi there from foo logger",
  ],
]
`;
